[    0.000000] Iitliing cgroup subsys cpuset
[    0.000000] Initializing cgroup subsys cpu
[    0.000000] Initializing cgroup subsys cpuacct
[    000000] Linux version 4.4.0-116-generic (buildd@lgw01-amd64-021) (gcc version 5.4.0 20160609 (Ubuntu 5.4.0-6ubuntu1~16.04.9) ) #140-Ubuntu SMP Mon Feb 12 21:23:04 UTC 2018 (Ubuntu 4.4.0-116.140-generic 4.4.98)
[    0.000000] Command line: BOOT_IMAGE=/boot/vmlinuz-4.4.0-116-generic root=LABEL=cloudimg-rootfs ro console=tty1 console=ttyS0
[    0.000000] KERNEL supported cpus:
[    0.000000]   Intel GenuineIntel
[    0.000000]   AMD AuthenticAMD
[    0.000000]   Centaur CentaurHauls
[    0.000000] x86/fpu: xstate_offset[2]:  576, xstate_sizes[2]:  256
[    0.000000] x86/fpu: Supporting XSAVE feature 0x01: 'x87 floating point registers'
[    0.000000] x86/fpu: Supporting XSAVE feature 0x02: 'SSE registers'
[    0.000000] x86/fpu: Supporting XSAVE feature 0x04: 'AVX registers'
[    0.000000] x86/fpu: Enabled xstate features 0x7, contex size is 832 bytes, using 'standard' format.
[    0.000000] x86/fpu: Using 'lazy' FPU context switches.
[    0.000000] e820: BIOS-provided physical RAM map:
[    0.000000] BIOS-e820: [mem 0x0000000000000000-0x000000000009fbff] usable
[    0.000000] BIOS-e820: [mem 0x000000000009fc00-0x000000000009ffff] reserved
[    0.000000] BIOS-e820: [mem 0x00000000000f0000-0x00000000000ffff] reserved
[    0.000000] BIOS-e820: [mem 0x0000000000100000-0x000000003ffeffff] usable
[    0.000]BIOS-e820: [mem 0x000000003fff0000-0x000000003fffffff] ACPI data
[    0.000000] BIOS-e820: [mem 0x00000000fec00000-0x00000000fec00fff] reserved
[    0.000000] BIOS-e820: [mem 0x00000000fee00000-0x00000000fee00fff] reserved
[    0.000000] BIOS-e820: [mem 0x00000000fffc0000-0x00000000ffffffff] reserved
[    0.000000] NX (Executee Disable) protection: active
[    0.000000] SMBIOS 2.5 present.
[    0.000000] Hypervisor detected: KVM
[    0.000000] e820: last_pfn = 0x3fff0 max_arch_pfn = 0x400000000
[    0.000000] MTRR: Disabled
[    0.000000] x86/PAT: MTRRs disabled, skipping PAT initialization too.
[    0.000000] CPU MTRRs all blank - virtualized system.
[    0.000000] x86/PAT: Configuration [0-7]: WB  WT  UC- UC  WB  WT  UC- UC  
[    0.000000] found SMP MP-table at [mem 0x0009fff0-0x0009ffff] mapped atfff8000009fff0]
[    0.000000] Scanning 1 areas for low memory corruption
[    0.000000] RAMDISK: [mem 0x36ac2000-0x37558fff]
[    0.000000] ACPI: Early table checksum verification disabled
[    0.000000] ACPI: RSDP 0x00000000000E0000 000024 (v02 VBOX  )
[    0.000000] ACPI: XSDT 0x000000003FFF0030 00003C (v01 VBOX   VBOXXSDT 00000001 ASL  00000061)
[    0.000000] ACPI: FACP 0x000000003FFF00F0 0000F4 (v04 VBOX   VBOXFACP 00000001 ASL  00000061)
[    0.000000] ACPI: DSDT 0x000000003FFF0470 0021FF (v02 VBOX   VBOXBIOS 00000002 INTL 20160108)
[    0.000000] ACPI: FACS 0x000000003FFF0200 0000
    0.000000] ACPI: FACS 0x000000003FFF0200 000040
[    0.000000] ACPI: APIC 0x000000003FFF0240 00005C (v02 VBOX   VBOXAPIC 00000001 ASL  00000061)
[    0.000000] ACPI: SSDT 0x000000003FFF02A0 0001CC (v01 VBOX   VBOXCPUT 00000002 INTL 20160108)
[    0.000000] No NUMA configuration found
[    0.000000] Faking a node at [mem 0x0000000000000000-0x000000003ffeffff]
[    0.000000] NODE_DATA(0) allocated [mem 0x3ffeb000-0x3ffeffff]
[    0.000000] kvm-clock: Using msrs 4b564d01 and 4b564d00
[    0.000000] kvm-clock: cpu 0, msr 0:3ffe3001, primary cpu clock
[    0.000000] kvm-clock: using sched offset of 3120245438 cycles
[    0.000000] clocksource: kvm-clock: mask: 0xffffffffffffffff max_cycles: 0x1cd42e4dffb, max_idle_ns: 881590591483 ns
[    0.000000] Zone ranges:
[    0.000000]   DMA      [mem 0x0000000000001000-0x0000000000ffffff]
[    0.000000]   DMA32    [mem 0x0000000001000000-0x000000003ffeffff]
[    0.000000]   Normal   empty
[    0.000000]   Device   empty
[    0.000000] Movable zone start for each node
[    0.000000] Early memory node ranges
[    0.000000]   node   0: [mem 0x0000000000001000-0x000000000009efff]
[    0.000000]   node   0: [mem 0x0000000000100000-0x000000003ffeffff]
[    0.000000] Initmem setup node 0 [mem 0x0000000000001000-0x000000003ffeffff]
[    0.000000] ACPI: PM-Timer IO Port: 0x4008
[    0.000000] IOAPIC[0]: apic_id 2, version 32, address 0xfec00000, GSI 0-23
[    0.000000] ACPI: INT_SRC_OVR bu 0usirq 0 glbair 2 dfl dfl)
[    0.000000] ACPI: INT_SRC_OVR (bus 0 bus_irq 9 globl_rq 9 lolevel)
[    0.000000] Using ACPI (MADT) for SMP configuration information
[    0.000000] smpboot: Allowing 2 CPUs, 0 hotplug CPUs
[    0.000000] PM: Registered nosave memory: [mem 0x00000000-0x00000fff]
[    0.000000] PM: Registered nosave memory: [mem 0x0009f000-0x0009ffff]
[    0.000000] PM: Registered nosave memory: [mem 0x000a0000-0x000effff]
[    0.000000] PM: Registered nosave memory: [mem 0x000f0000-0x000fffff]
[    0.000000] e820: [mem 0x40000000-0xfebfffff] available for PCI devices
[    0.000000] Booting paravirtuazed kernel on KVM
[    0.000000] clocksource: refined-jiffies: mask: 0xffffffff max_cycles: 0xffffffff, max_idle_ns: 7645519600211568 ns
[    0.000000] setup_percpu: NR_CPUS:512 nr_cpumask_bits:512 nr_cpu_ids:2 nr_node_ids:1
[    0.000000] PERCPU: Embedded 34 pages/cpu @ffff88003fc00000 s99544 r8192 d31528 u1048576
[    0.000000] PV qspinlock hash table entries: 256 (order: 0, 4096 bytes)
[    0.000000] Built 1 zonelists in Node order, mobility grouping on.  Total pages: 257913
[    0.000000] Policy zone: DMA32
[    0.000000] Kernel command line: BOOT_IMAGE=/boot/vmlinuz-4.4.0-116-generic root=LABEL=cloudimg-rootfs ro console=tty1 console=ttyS0
[    0.000000] PID hash table entries: 4096 (order: 3, 32768 bytes)
[    0.000000] Memory: 1001688K/1048120K available (8530K kernel code, 1309K rwdata, 3992K rodata, 1508K init, 1316K bss, 46432K reserved, 0K cma-reserved)
[    0.000000] SLUB: HWalign=64, Order=0-3, MinObjects=0, CPUs=2, Nodes=1
[    0.000000] Kernel/User page tables isolation: enabled
[    0.000000] Hierarchical RCU implementation.
[    0.000000] 	Build-time adjustment of leaf fanout to 64.
[    0.000000] 	RCU restricting CPUs from NR_CPUS=512 to nr_cpu_ids=2.
[    0.000000] RCU: Adjusting geometry for rcu_fanout_leaf=64, nr_cpu_ids=2
[    0.000000] NR_IRQS:33024 nr_irqs:440 16
[    0.000000] Console: colour VGA+ 80x25
[    0.000000] console [tty1] enabled
[    0.000000] console [ttyS0] enabled
[    0.000000] tsc: Detected 3392.144 MHz processor
[    0.552701] Calibrating delay loop (skipped) preset value.. 6784.28 BogoMIPS (lpj=13568576)
[    0.554023] pid_max: default: 32768 minimum: 301
[    0.554734] ACPI: Core revision 20150930
[    0.556160] ACPI: 2 ACPI AML tables successfully acquired and loaded
[    0.566093] Security Framework initialized
[    0.566744] Yama: becoming mindful.
[    0.567347] AppArmor: AppArmor initialized
[    0.568079] Dentry cache hash table entries: 131072 (order: 8, 1048576 bytes)
[    0.569680] Inode-cache hash table entries: 65536 (order: 7, 524288 bytes)
[    0.570739] Mount-cache hash table entries: 2048 (order: 2, 16384 bytes)
[    0.571693] Mountpoint-cache hash table entries: 2048 (order: 2, 16384 bytes)
[    0.572852] Initializing cgroup subsys io
[    0.573503] Initializing cgroup subsys memory
[    0.574188] Initializing cgroup subsys devices
[    0.574880] Initializing cgroup subsys freezer
[    0.575579] Initializing cgroup subsys net_cls
[    0.576292] Initializing cgroup subsys perf_event
[    0.577014] Initializing cgroup subsys net_prio
[    0.577715] Initializing cgroup subsys hugetlb
[    0.578406] Initializing cgroup subsys pids
[    0.579130] CPU: Physical Processor ID: 0
[    0.579788] CPU: Processor Core ID: 0
[    0.580419] FEATURE SPEC_CTRL Not Present
[    0.581798] mce: CPU supports 0 MCE banks
[    0.582457] Last level iTLB entries: 4KB 1024, 2MB 1024, 4MB 1024
[    0.583332] Last level dTLB entries: 4KB 1024, 2MB 1024, 4MB 1024, 1GB 4
[    0.584296] Spectre V2 mitigation: Mitigation: Full generic retpoline
[    0.585208] Spectre V2 mitigation: Speculation control IBPB not-supported IBRS not-supported
[    0.587849] Freeing SMP alternatives memory: 32K
[    0.598811] ftrace: allocating 32186 entries in 126 pages
[    0.642724] smpboot: APIC(0) Converting physical 0 to logical package 0
[    0.649017] smpboot: Max logical packages: 1
[    0.649920] x2apic enabled
[    0.650608] Switched APIC routing to physical x2apic.
[    0.652318] ..TIMER: vector=0x30 apic1=0 pin1=2 apic2=-1 pin2=-1
[    0.761210] smpboot: CPU0: Intel(R) Core(TM) i3-4130 CPU @ 3.40GHz (family: 0x6, model: 0x3c, stepping: 0x3)
[    0.891507] Performance Events: unsupported p6 CPU model 60 no PMU driver, software events only.
[    0.892766] KVM setup paravirtual spinlock
[    0.893969] x86: Booting SMP configuration:
[    0.894561] .... node  #0, CPUs:      #1
[    0.895199] kvm-clock: cpu 1, msr 0:3ffe3041, secondary cpu clock
[    0.896640] mce: CPU supports 0 MCE banks
[    0.907939] x86: Booted up 1 node, 2 CPUs
[    0.908759] smpboot: Total of 2 processors activated (13568.57 BogoMIPS)
[    0.910059] devtmpfs: initialized
[    0.912861] evm: security.selinux
[    0.916645] evm: security.SMACK64
[    0.917221] evm: security.SMACK64EXEC
[    0.917843] evm: security.SMACK64TRANSMUTE
[    0.918505] evm: security.SMACK64MMAP
[    0.919130] evm: security.ima
[    0.919665] evm: security.capability
[    0.920413] clocksource: jiffies: mask: 0xffffffff max_cycles: 0xffffffff, max_idle_ns: 7645041785100000 ns
[    0.925676] futex hash table entries: 512 (order: 3, 32768 bytes)
[    0.943961] pinctrl core: initialized pinctrl subsystem
[    0.953333] RTC time: 10:38:27, date: 03/07/18
[    0.954057] NET: Registered protocol family 16
[    0.974772] cpuidle: using governor ladder
[    1.003294] cpuidle: using governor menu
[    1.005463] PCCT header not found.
[    1.006171] ACPI: bus type PCI registered
[    1.008165] acpiphp: ACPI Hot Plug PCI Controller Driver version: 0.5
[    1.009545] PCI: Using configuration type 1 for base access
[    1.023536] ACPI: Added _OSI(Module Device)
[    1.025724] ACPI: Added _OSI(Processor Device)
[    1.026882] ACPI: Added _OSI(3.0 _SCP Extensions)
[    1.028099] ACPI: Added _OSI(Processor Aggregator Device)
[    1.030333] ACPI: Executed 1 blocks of module-level executable AML code
[    1.035741] ACPI: Interpreter enabled
[    1.037486] ACPI: (supports S0 S5)
[    1.038071] ACPI: Using IOAPIC for interrupt routing
[    1.038967] PCI: Using host bridge windows from ACPI; if necessary, use "pci=nocrs" and report a bug
[    1.043058] ACPI: PCI Root Bridge [PCI0] (domain 0000 [bus 00-ff])
[    1.045058] acpi PNP0A03:00: _OSC: OS supports [ASPM ClockPM Segments MSI]
[    1.046053] acpi PNP0A03:00: _OSC: not requesting OS control; OS requires [ExtendedConfig ASPM ClockPM MSI]
[    1.047532] acpi PNP0A03:00: fail to add MMCONFIG information, can't access extended PCI configuration space under this bridge.
[    1.049375] PCI host bridge to bus 0000:00
[    1.050045] pci_bus 0000:00: root bus resource [io  0x0000-0x0cf7 window]
[    1.051023] pci_bus 0000:00: root bus resource [io  0x0d00-0xffff window]
[    1.052007] pci_bus 0000:00: root bus resource [mem 0x000a0000-0x000bffff window]
[    1.053209] pci_bus 0000:00: root bus resource [mem 0x40000000-0xfdffffff window]
[    1.054410] pci_bus 0000:00: root bus resource [bus 00-ff]
[    1.056312] pci 0000:00:01.1: legacy IDE quirk: reg 0x10: [io  0x01f0-0x01f7]
[    1.058410] pci 0000:00:01.1: legacy IDE quirk: reg 0x14: [io  0x03f6]
[    1.059351] pci 0000:00:01.1: legacy IDE quirk: reg 0x18: [io  0x0170-0x0177]
[    1.067734] pci 0000:00:01.1: legacy IDE quirk: reg 0x1c: [io  0x0376]
[    1.091470] pci 0000:00:07.0: quirk: [io  0x4000-0x403f] claimed by PIIX4 ACPI
[    1.098035] pci 0000:00:07.0: quirk: [io  0x4100-0x410f] claimed by PIIX4 SMB
[    1.113341] ACPI: PCI Interrupt Link [LNKA] (IRQs 5 9 10 *11)
[    1.121089] ACPI: PCI Interrupt Link [LNKB] (IRQs 5 9 *10 11)
[    1.122333] ACPI: PCI Interrupt Link [LNKC] (IRQs 5 *9 10 11)
[    1.124624] ACPI: PCI Interrupt Link [LNKD] (IRQs 5 9 10 *11)
[    1.125857] ACPI: Enabled 2 GPEs in block 00 to 07
[    1.135605] vgaarb: setting as boot device: PCI:0000:00:02.0
[    1.137522] vgaarb: device added: PCI:0000:00:02.0,decodes=io+mem,owns=io+mem,locks=none
[    1.138811] vgaarb: loaded
[    1.139318] vgaarb: bridge control possible 0000:00:02.0
[    1.140330] SCSI subsystem initialized
[    1.141074] ACPI: bus type USB registered
[    1.142846] usbcore: registered new interface driver usbfs
[    1.143681] usbcore: registered new interface driver hub
[    1.144513] usbcore: registered new device driver usb
[    1.145958] PCI: Using ACPI for IRQ routing
[    1.150287] NetLabel: Initializing
[    1.153282] NetLabel:  domain hash size = 128
[    1.153985] NetLabel:  protocols = UNLABELED CIPSOv4
[    1.154761] NetLabel:  unlabeled traffic allowed by default
[    1.155732] amd_nb: Cannot enumerate AMD northbridges
[    1.157651] clocksource: Switched to clocksource kvm-clock
[    1.164265] AppArmor: AppArmor Filesystem Enabled
[    1.170412] pnp: PnP ACPI init
[    1.171550] pnp: PnP ACPI: found 3 devices
[   1.181246] clocksource: acpi_pm: mask: 0xffffff max_cycles: 0xffffff, max_idle_ns: 2085701024 ns
[    1.202733] NET: Registered protocol family 2

[    1.203594] TCP established hash table entries: 8192 (order: 4, 65536 bytes)
[    1.204627] TCP bind hash table entries: 8192 (order: 5, 131072 bytes)
[    1.205592] TCP: Hash tables configured (established 8192 bind 8192)
[    1.206548] UDP hash table entries: 512 (order: 2, 16384 bytes)
[    1.207441] UDP-Lite hash table entries: 512 (order: 2, 16384 bytes)
[    1.208397] NET: Registered protocol family 1
[    1.209102] pci 0000:00:00.0: Limiting direct PCI/PCI transfers
[    1.209998] pci 0000:00:01.0: Activating ISA DMA hang workarounds
[    1.210992] Unpacking initramfs...
[    2.693283] Freeing initrd memory: 10844K
[    2.697153] RAPL PMU detected, API unit is 2^-32 Joules, 4 fixed counters 10737418240 ms ovfl timer
[    2.699106] hw unit of domain pp0-core 2^-0 Joules
[    2.700158] hw unit of domain package 2^-0 Joules
[    2.701140] hw unit of domain dram 2^-0 Joules
[    2.702102] hw unit of domain pp1-gpu 2^-0 Joules
[    2.703143] platform rtc_cmos: registered platform RTC device (no PNP device found)
[    2.706938] Scanning for low memory corruption every 60 seconds
[    2.708177] audit: initializing netlink subsys (disabled)
[    2.710495] audit: type=2000 audit(1520419112.997:1): initialized
[    2.711630] Initialise system trusted keyring
[    2.712462] HugeTLB registered 2 MB page size, pre-allocated 0 pages
[    2.714513] zbud: loaded
[    2.715315] VFS: Disk quotas dquot_6.6.0
[    2.718351] VFS: Dquot-cache hash table entries: 512 (order 0, 4096 bytes)
[    2.719725] squashfs: version 4.0 (2009/01/31) Phillip Lougher
[    2.720895] fuse init (API version 7.23)
[    2.722788] Key type big_key registered
[    2.731370] Allocating IMA MOK and blacklist keyrings.
[    2.732890] Key type asymmetric registered
[    2.734625] Asymmetric key parser 'x509' registered
[    2.735422] Block layer SCSI generic (bsg) driver version 0.4 loaded (major 249)
[    2.736668] io scheduler noop registered
[    2.737320] io scheduler deadline registered (default)
[    2.776033] io scheduler cfq registered
[    2.887116] pci_hotplug: PCI Hot Plug PCI Core version: 0.5
[    2.899419] pciehp: PCI Express Hot Plug Controller Driver version: 0.4
[    3.085983] ACPI: AC Adapter [AC] (on-line)
[    3.211051] input: Power Button as /devices/LNXSYSTM:00/LNXPWRBN:00/input/input0
[    3.435117] ACPI: Power Button [PWRF]
[    3.540699] input: Sleep Button as /devices/LNXSYSTM:00/LNXSLPBN:00/input/input1
[    3.624775] ACPI: Sleep Button [SLPF]
[    3.626983] GHES: HEST is not enabled!
[    3.627935] Serial: 8250/16550 driver, 32 ports, IRQ sharing enabled
[    3.656269] 00:02: ttyS0 at I/O 0x3f8 (irq = 4, base_baud = 115200) is a 16550A
[    3.675898] Linux agpgart interface v0.103
[    3.677728] loop: module loaded
[    3.678723] scsi host0: ata_piix
[    3.679338] scsi host1: ata_piix
[    3.679871] ata1: PATA max UDMA/33 cmd 0x1f0 ctl 0x3f6 bmdma 0xd000 irq 14
[    3.686047] ata2: PATA max UDMA/33 cmd 0x170 ctl 0x376 bmdma 0xd008 irq 15
[    3.765245] libphy: Fixed MDIO Bus: probed
[    3.765928] tun: Universal TUN/TAP device driver, 1.6
[    3.765972] tsc: Refined TSC clocksource calibration: 3408.519 MHz
[    3.765974] clocksource: tsc: mask: 0xffffffffffffffff max_cycles: 0x3121bea5a21, max_idle_ns: 440795314532 ns
[    3.768665] tun: (C) 1999-2004 Max Krasnyansky <maxk@qualcomm.com>
[    3.769488] PPP generic driver version 2.4.2
[    3.770165] ehci_hcd: USB 2.0 'Enhanced' Host Controller (EHCI) Driver
[    3.770967] ehci-pci: EHCI PCI platform driver
[    3.771589] ehci-platform: EHCI generic platform driver
[    3.772489] ohci_hcd: USB 1.1 'Open' Host Controller (OHCI) Driver
[    3.773518] ohci-pci: OHCI PCI platform driver
[    3.774199] ohci-platform: OHCI generic platform driver
[    3.774895] uhci_hcd: USB Universal Host Controller Interface driver
[    3.775735] i8042: PNP: PS/2 Controller [PNP0303:PS2K,PNP0f03:PS2M] at 0x60,0x64 irq 1,12
[    3.777251] serio: i8042 KBD port at 0x60,0x64 irq 1
[    3.777911] serio: i8042 AUX port at 0x60,0x64 irq 12
[    3.778697] mousedev: PS/2 mouse device common for all mice
[    3.779845] input: AT Translated Set 2 keyboard as /devices/platform/i8042/serio0/input/input2
[    3.781128] rtc_cmos rtc_cmos: rtc core: registered rtc_cmos as rtc0
[    3.781986] rtc_cmos rtc_cmos: alarms up to one day, 114 bytes nvram
[    3.782775] i2c /dev entries driver
[    3.783340] device-mapper: uevent: version 1.0.3
[    3.784035] device-mapper: ioctl: 4.34.0-ioctl (2015-10-28) initialised: dm-devel@redhat.com
[    3.787575] ledtrig-cpu: registered to indicate activity on CPUs
[    3.788665] NET: Registered protocol family 10
[    3.789459] NET: Registered protocol family 17
[    3.795162] Key type dns_resolver registered
[    3.795910] microcode: CPU0 sig=0x306c3, pf=0x40, revision=0x0
[    3.796892] microcode: CPU1 sig=0x306c3, pf=0x40, revision=0x0
[    3.797657] microcode: Microcode Update Driver: v2.01 <tigran@aivazian.fsnet.co.uk>, Peter Oruba
[    3.798944] registered taskstats version 1
[    3.799531] Loading compiled-in X.509 certificates
[    3.800715] Loaded X.509 cert 'Build time autogenerated kernel key: aa84f01984fbd529c105810b59e379d349698248'
[    3.802025] zswap: loaded using pool lzo/zbud
[    3.804497] Key type trusted registered
[    3.810264] Key type encrypted registered
[    4.056534] AppArmor: AppArmor sha1 policy hashing enabled
[    4.057404] ima: No TPM chip found, activating TPM-bypass!
[    4.058207] evm: HMAC attrs: 0x1
[    4.058991]   Magic number: 10:147:628
[    4.059621] rtc_cmos rtc_cmos: setting system clock to 2018-03-07 10:38:30 UTC (1520419110)
[    4.060857] BIOS EDD facility v0.16 2004-Jun-25, 0 devices found
[    4.061616] EDD information not available.
[    4.063292] Freeing unused kernel memory: 1508K
[    4.063910] Write protecting the kernel read-only data: 14336k
[    4.065100] Freeing unused kernel memory: 1700K
[    4.065983] Freeing unused kernel memory: 104K
Loading, please wait...
starting version[    4.078476] random: systemd-udevd: uninitialized urandom read (16 bytes read, 2 bits of entropy available)
 229
[    4.079259] random: udevadm: uninitialized urandom read (16 bytes read, 2 bits of entropy available)
[    4.079286] random: udevadm: uninitialized urandom read (16 bytes read, 2 bits of entropy available)
[    4.092606] random: udevadm: uninitialized urandom read (16 bytes read, 2 bits of entropy available)
[    4.092666] random: udevadm: uninitialized urandom read (16 bytes read, 2 bits of entropy available)
[    4.092870] random: udevadm: uninitialized urandom read (16 bytes read, 2 bits of entropy available)
[    4.092947] random: udevadm: uninitialized urandom read (16 bytes read, 2 bits of entropy available)
[    4.093042] random: udevadm: uninitialized urandom read (16 bytes read, 2 bits of entropy available)
[    4.093124] random: udevadm: uninitialized urandom read (16 bytes read, 2 bits of entropy available)
[    4.093199] random: udevadm: uninitialized urandom read (16 bytes read, 2 bits of entropy available)
[    4.187631] e1000: Intel(R) PRO/1000 Network Driver - version 7.3.21-k8-NAPI
[    4.207334] e1000: Copyright (c) 1999-2006 Intel Corporation.
[    4.209736] Fusion MPT base driver 3.04.20
[    4.214508] Copyright (c) 1999-2008 LSI Corporation
[    4.218377] Fusion MPT SPI Host driver 3.04.20
[    4.230694] AVX2 version of gcm_enc/dec engaged.
[    4.238422] AES CTR mode by8 optimization enabled
[    4.414849] input: ImExPS/2 Generic Explorer Mouse as /devices/platform/i8042/serio1/input/input4
[    4.542541] e1000 0000:00:03.0 eth0: (PCI:33MHz:32-bit) 02:f4:1f:34:da:68
[    4.558618] e1000 0000:00:03.0 eth0: Intel(R) PRO/1000 Network Connection
[    4.560221] mptbase: ioc0: Initiating bringup
[    4.626125] ioc0: LSI53C1030 A0: Capabilities={Initiator}
[    4.792507] scsi host2: ioc0: LSI53C1030 A0, FwRev=00000000h, Ports=1, MaxQ=256, IRQ=20
[    4.910299] scsi 2:0:0:0: Direct-Access     VBOX     HARDDISK         1.0  PQ: 0 ANSI: 5
[    4.915125] scsi target2:0:0: Beginning Domain Validation
[    4.929373] scsi target2:0:0: Domain Validation skipping write tests
[    4.972935] scsi target2:0:0: Ending Domain Validation
[    4.973710] scsi target2:0:0: asynchronous
[    5.005827] scsi 2:0:1:0: Direct-Access     VBOX     HARDDISK         1.0  PQ: 0 ANSI: 5
[    5.062514] scsi target2:0:1: Beginning Domain Validation
[    5.069947] scsi target2:0:1: Domain Validation skipping write tests
[    5.071879] scsi target2:0:1: Ending Domain Validation
[    5.072613] scsi target2:0:1: asynchronous
[    5.082424] sd 2:0:0:0: Attached scsi generic sg0 type 0
[    5.084279] sd 2:0:0:0: [sda] 20971520 512-byte logical blocks: (10.7 GB/10.0 GiB)
[    5.085937] sd 2:0:0:0: [sda] Write Protect is off
[    5.086644] sd 2:0:1:0: [sdb] 20480 512-byte logical blocks: (10.5 MB/10.0 MiB)
[    5.087808] sd 2:0:0:0: [sda] Incomplete mode parameter data
[    5.088560] sd 2:0:0:0: [sda] Assuming drive cache: write through
[    5.089547] sd 2:0:1:0: [sdb] Write Protect is off
[    5.090298] sd 2:0:1:0: Attached scsi generic sg1 type 0
[    5.091216] sd 2:0:1:0: [sdb] Incomplete mode parameter data
[    5.091997] sd 2:0:1:0: [sdb] Assuming drive cache: write through
[    5.093856]  sda: sda1
[    5.095974] sd 2:0:0:0: [sda] Attached SCSI disk
[    5.116162] sd 2:0:1:0: [sdb] Attached SCSI disk
[    5.250158] e1000 0000:00:08.0 eth1: (PCI:33MHz:32-bit) 08:00:27:e3:7a:c2
[    5.513920] e1000 0000:00:08.0 eth1: Intel(R) PRO/1000 Network Connection
[    5.515707] e1000 0000:00:03.0 enp0s3: renamed from eth0
[    5.553872] e1000 0000:00:08.0 enp0s8: renamed from eth1
[    7.231259] floppy0: no floppy controllers found
[    7.268017] work still pending
Begin: Loading e[    8.610864] md: linear personality registered for level -1
ssential drivers[    8.788705] md: multipath personality registered for level -4
 ... [    8.964835] md: raid0 personality registered for level 0
[    9.011448] md: raid1 personality registered for level 1
[    9.101682] raid6: sse2x1   gen() 10076 MB/s
[    9.289678] raid6: sse2x1   xor()  8188 MB/s
[    9.441686] raid6: sse2x2   gen() 13406 MB/s
[    9.513673] raid6: sse2x2   xor()  9022 MB/s
[    9.585685] raid6: sse2x4   gen() 15352 MB/s
[    9.657682] raid6: sse2x4   xor() 10625 MB/s
[    9.729682] raid6: avx2x1   gen() 20421 MB/s
[    9.797680] raid6: avx2x2   gen() 23541 MB/s
[    9.869682] raid6: avx2x4   gen() 26915 MB/s
[    9.874350] raid6: using algorithm avx2x4 gen() 26915 MB/s
[    9.875174] raid6: using avx2x2 recovery algorithm
[    9.877147] xor: automatically using best checksumming function:
[   10.090188]    avx       : 49372.000 MB/sec
[   10.135786] async_tx: api initialized (async)
[   10.143425] md: raid6 personality registered for level 6
[   10.164001] md: raid5 personality registered for level 5
[   10.164815] md: raid4 personality registered for level 4
[   10.172240] md: raid10 personality registered for level 10
done.
Begin: Running[   10.360893] Btrfs loaded
 /scripts/init-premount ... done.
Begin: Mounting root file system ... Begin: Running /scripts/local-top ... done.
Begin: Running /scripts/local-premount ... Scanning for Btrfs filesystems
done.
Warning: fsck not present, so sk[   10.411716] EXT4-fs (sda1): mounted filesystem with ordered data mode. Opts: (null)
ipping root file system
done.
Begin: Running /scripts/local-bottom ... done.
Begin: Running /scripts/init-bottom ... done.
[   10.810074] systemd[1]: systemd 229 running in system mode. (+PAM +AUDIT +SELINUX +IMA +APPARMOR +SMACK +SYSVINIT +UTMP +LIBCRYPTSETUP +GCRYPT +GNUTLS +ACL +XZ -LZ4 +SECCOMP +BLKID +ELFUTILS +KMOD -IDN)
[   10.944994] systemd[1]: Detected virtualization oracle.
[   10.946895] systemd[1]: Detected architecture x86-64.

Welcome to [1mUbuntu 16.04.4 LTS[0m!

[   10.979862] systemd[1]: Set hostname to <ubuntu>.
[  11.013144] systemd[1]: Initializing machine ID from random generator.
[   11.056762] systemd[1]: Installed transient /etc/machine-id file.
[ 11527]ysemd[1]: Listening on udev Control Socket.
[[0;32m  OK  [0m] Listening on udev Control Socket.
[  11.637986] systemd[1]: Listening on /dev/initctl Compatibility Named Pipe.
[[0;32m  OK  [0m] Listening on /dev/initctl Compatibility Named Pipe.
[   11.660164] systemd[1]: Listening on LVM2 poll daemon socket.
[[0;32m  OK  [0m] Listening on LVM2 poll daemon socket.
[  11.677141] systemd[1]: Listening on Device-mapper event daemon FIFOs.
[[0;32m  OK  [0m] Listening on Device-mapper event daemon FIFOs.
[  11.699256] systemd[1]: Started Forward Password Requests to Wall Directory Watch.
[[0;32m  OK  [0m] Started Forward Password Requests to Wall Directory Watch.
[   11.721677] systemd[1]: Reached target Swap.
[[0;32m  OK  [0m] Reached target Swap.
[   11.723218] systemd[1]: Reached target Encrypted Volumes.
[[0;32m  OK  [0m] Reached target Encrypted Volumes.
[  11.724977] systemd[1]: Listening on udev Kernel Socket.
[[0;32m  OK  [0m] Listening on udev Kernel Socket.
[   11.746822] systemd[1]: Listening on Journal Socket (/dev/log).
[[0;32m  OK  [0m] Listening on Journal Socket (/dev/log).
[   11.763827] systemd[1]: Set up automount Arbitrary Executable File Formats File System Automount Point.
[[0;32m  OK  [0m] Set up automount Arbitrary Executab...ats File System Automount Point.
[  11.808739] systemd[1]: Listening on LVM2 metadata daemon socket.
[[0;32m  OK  [0m] Listening on LVM2 metadata daemon socket.
[  11.830789] systemd[1]: Started Triggereolvconf update for networkd DNS.
[[0;32m  OK  [0m] Started Trigger resolvconf update for networkd DNS.
[  11.914602] systemd[1]: Created slice System Slice.
[[0;32m  OK  [0m] Created slice System Slice.
[  11.936590] systemd[1]: Created slice User and Session Slice.
[[0;32m  OK  [0m] Created slice User and Session Slice.
[   11.958556] systemd[1]: Reached target Slices.
[[0;32m  OK  [0m] Reached target Slices.
[  1.960367] systemd[1]: Created slice system-serial\x2dgetty.slice.
[[0;32m  OK  [0m] Created slice system-serial\x2dgetty.slice.
[   12.641680] systemd[1]: Listening on Journal Socket.
[[0;32m  OK  [0m] Listening on Journal Socket.
[   12.966009] systemd[1]: Starting Load Kernel Modules...
[   13.114431] random: nonblocking pool is initialized
         Starting Load Kernel Modules...
[   13.304653] systemd[1]: Starting Uncomplicated firewall...
         Starting Uncomplicated firewall...
[   13.327078] systemd[1]: Starting Remount Root and Kernel File Systems...
         Starting Remount[   13.338577] Loading iSCSI transport class v2.0-870.
 Root and Kernel File Systems...
[   13.348200] systemd[1]: Mounting Debug File System...
[   13.350543] EXT4-fs (sda1): re-mounted. Opts: (null)
         Mounting Debug File Sys[   13.364908] iscsi: registered transport (tcp)
tem...
[   13.774083] systemd[1]: Starting Create list of required static device nodes for the current kernel...
         Starting Create list of required st... nodes for the current kernel...
[   13.798845] systemd[1]: Starting Monitoring of LVM2 mirrors, snapshots etc. using dmeventd or progress polling...
         Starting Monitoring of LVM2 mirrors... dmeventd or progress polling...
[   13.813877] systemd[1]: Mounting Huge Pages File System...
         Mounting Huge Pages File System...
[   13.851229] iscsi: registered transport (iser)
[   13.973869] systemd[1]: Starting Set console keymap...
         Starting Set console keymap...
[   14.071936] systemd[1]: Listening on Syslog Socket.
[[0;32m  OK  [0m] Listening on Syslog Socket.
[   14.074435] systemd[1]: Listening on Journal Audit Socket.
[[0;32m  OK  [0m] Listening on Journal Audit Socket.
[   14.076757] systemd[1]: Starting Journal Service...
         Starting Journal Service...
[   14.102970] systemd[1]: Starting Nameserver information manager...
         Starting Nameserver information manager...
[   14.110447] systemd[1]: Reached target User and Group Name Lookups.
[[0;32m  OK  [0m] Reached target User and Group Name Lookups.
[   14.120016] systemd[1]: Mounting POSIX Message Queue File System...
         Mounting POSIX Message Queue File System...
[   14.183488] systemd[1]: Mounted Huge Pages File System.
[[0;32m  OK  [0m] Mounted Huge Pages File System.
[   14.193455] systemd[1]: Mounted Debug File System.
[[0;32m  OK  [0m] Mounted Debug File System.
[   14.202099] systemd[1]: Mounted POSIX Message Queue File System.
[[0;32m  OK  [0m] Mounted POSIX Message Queue File System.
[   14.204789] systemd[1]: Started Journal Service.
[[0;32m  OK  [0m] Started Journal Service.
[[0;32m  OK  [0m] Started Load Kernel Modules.
[[0;32m  OK  [0m] Started Uncomplicated firewall.
[[0;32m  OK  [0m] Started Remount Root and Kernel File Systems.
[[0;32m  OK  [0m] Started Create list of required sta...ce nodes for the current kernel.
[[0;32m  OK  [0m] Started Set console keymap.
[[0;32m  OK  [0m] Started Nameserver information manager.
[[0;32m  OK  [0m] Started LVM2 metadata daemon.
         Starting Create Static Device Nodes in /dev...
         Starting Load/Save Random Seed...
         Starting udev Coldplug all Devices...
         Starting Initial cloud-init job (pre-networking)...
         Starting Apply Kernel Variables...
         Mounting FUSE Control File System...
         Starting Flush Journal to Persistent Storage...
[[0;32m  OK  [0m] Mounted FUSE Control File System.
[[0;32m  OK  [0m] Started Load/Save Random Seed.
[[0;32m  OK  [0m] Started Apply Kernel Variables.
[[0;32m  OK  [0m] Started udev Coldplug all Devices.
[[0;32m  OK  [0m] Started Create Static Device Nodes in /dev.
[[0;32m  OK  [0m] Started Flush Journal to Persistent Storage.
         Starting udev Kernel Device Manager...
[[0;32m  OK  [0m] Started udev Kernel Device Manager.
[[0;32m  OK  [0m] Started Dispatch Password Requests to Console Directory Watch.
[[0;32m  OK  [0m] Started Monitoring of LVM2 mirrors,...ng dmeventd or progress polling.
[[0;32m  OK  [0m] Reached target Local File Systems (Pre).
[[0;32m  OK  [0m] Reached target Local File Systems.
         Starting Create Volatile Files and Directories...
         Starting Commit a transient machine-id on disk...
         Starting LSB: AppArmor initialization...
         Starting Tell Plymouth To Write Out Runtime Data...
         Starting Set console font and keymap...
[[0;32m  OK  [0m] Started Create Volatile Files and Directories.
[[0;32m  OK  [0m] Started Commit a transient machine-id on disk.
[[0;32m  OK  [0m] Started Tell Plymouth To Write Out Runtime Data.
[[0;32m  OK  [0m] Found device /dev/ttyS0.
[[0;32m  OK  [0m] Reached target System Time Synchronized.
         Starting Update UTMP about System Boot/Shutdown...
[[0;32m  OK  [0m] Started Update UTMP about System Boot/Shutdown.
[[0;32m  OK  [0m] Listening on Load/Save RF Kill Switch Status /dev/rfkill Watch.
[[0;32m  OK  [0m] Started Set console font and keymap.
[[0;32m  OK  [0m] Created slice system-getty.slice.
[[0;32m  OK  [0m] Started LSB: AppArmor initialization.
[   16.335835] cloud-init[440]: Cloud-init v. 17.2 running 'init-local' at Wed, 07 Mar 2018 10:38:43 +0000. Up 15.78 seconds.
[[0;32m  OK  [0m] Started Initial cloud-init job (pre-networking).
[[0;32m  OK  [0m] Reached target Network (Pre).
         Starting Raise network interfaces...
[[0;32m  OK  [0m] Started Raise network interfaces.
         Starting Initial cloud-init job (metadata service crawler)...
[[0;32m  OK  [0m] Reached target Network.
[   18.748395] cloud-init[949]: Cloud-init v. 17.2 running 'init' at Wed, 07 Mar 2018 10:38:44 +0000. Up 17.60 seconds.
[   18.762814] cloud-init[949]: ci-info: ++++++++++++++++++++++++++++++++++++++Net device info++++++++++++++++++++++++++++++++++++++
[   18.768771] cloud-init[949]: ci-info: +--------+-------+----------------------------+---------------+-------+-------------------+
[   18.793813] cloud-init[949]: ci-info: | Device |   Up  |          Address           |      Mask     | Scope |     Hw-Address    |
[   18.805986] cloud-init[949]: ci-info: +--------+-------+----------------------------+---------------+-------+-------------------+
[   18.808241] cloud-init[949]: ci-info: | enp0s3 |  True |         10.0.2.15          | 255.255.255.0 |   .   | 02:f4:1f:34:da:68 |
[   18.812725] cloud-init[949]: ci-info: | enp0s3 |  True | fe80::f4:1fff:fe34:da68/64 |       .       |  link | 02:f4:1f:34:da:68 |
[   18.815297] cloud-init[949]: ci-info: | enp0s8 | False |             .              |       .       |   .   | 08:00:27:e3:7a:c2 |
[[   18.864395] cloud-init[949]: ci-info: |   lo   |  True |         127.0.0.1          |   255.0.0.0   |   .   |         .         |
[   18.864626] cloud-init[949]: ci-info: |   lo   |  True |          ::1/128           |       .       |  host |         .         |
[0;32m  OK  [0m] Started Initial cloud-init job (metadata service crawler).
[   18.865061] cloud-init[949]: ci-info: +--------+-------+----------------------------+---------------+-------+-------------------+
[   18.878214] cloud-init[949]: ci-info: +++++++++++++++++++++++++++Route IPv4 info++++++++++++++++++++++++++++
[   18.878519] cloud-init[949]: ci-info: +-------+-------------+----------+---------------+-----------+-------+
[[0;32m  OK  [0m] Reached target System Initialization.
[   18.878844] cloud-init[949]: ci-info: | Route | Destination | Gateway  |    Genmask    | Interface | Flags |
[[0;32m  OK  [0m] [   18.891549] Listening on ACPID Listen Socket.cloud-init
[949]: ci-info: +-------+-------------+----------+---------------+-----------+-------+
[   18.895791] cloud-init[949]: ci-info: |   0   |   0.0.0.0   | 10.0.2.2 |    0.0.0.0    |   enp0s3  |   UG  |
[   18.896083] cloud-init[949]: ci-info: |   1   |   10.0.2.0  | 0.0.0.0  | 255.255.255.0 |   enp0s3  |   U   |
[[0;32m  OK  [0m] Started Daily apt download activities.
[   18.896155] cloud-init[949]: ci-info: +-------+-------------+----------+---------------+-----------+-------+
[   18.913421] cloud-init[949]: Generating public/private rsa key pair.
[   18.913673] cloud-init[949]: Your identification has been saved in /etc/ssh/ssh_host_rsa_key.
[[0;32m  OK  [0m] Started ACPI Events Check.
[   18.913779] cloud-init[949]: Your public key has been saved in /etc/ssh/ssh_host_rsa_key.pub.
[   18.916878] cloud-init[949]: The key fingerprint is:
[   18.917125] cloud-init[949]: SHA256:8M7GR/ibLs7rjU9CLvnoq71jqEGGnpDYNbqsJsd4JII root@ubuntu-xenial
[   18.917384] cloud-init[949]: The key's randomart image is:
[   18.917519] cloud-init[949]: +---[RSA 2048]----+
[   18.917647] cloud-init[949]: |                 |
[   18.917895] cloud-init[949]: |                 |
[   18.918030] cloud-init[949]: |    o .          |
[   18.918186] cloud-init[949]: |.+ o . o .       |
[   18.918296] cloud-init[949]: |* =     S .      |
[   18.918420] cloud-init[949]: |E+o.   B o       |
[   18.918549] cloud-init[949]: |.B+  .o B +      |
[   18.918676] cloud-init[949]: |oo+...o*.* o     |
[   18.918807] cloud-init[949]: |+o...+**B=*      |
[   18.919056] cloud-init[949]: +----[SHA256]-----+
[   18.919192] cloud-init[949]: Generating public/private dsa key pair.
[   18.919322] cloud-init[949]: Your identification has been saved in /etc/ssh/ssh_host_dsa_key.
[   18.919451] cloud-init[949]: Your public key has been saved in /etc/ssh/ssh_host_dsa_key.pub.
[   18.919581] cloud-init[949]: The key fingerprint is:
[   18.919714] cloud-init[949]: SHA256:5BKs0v1g3n3gwf9vsHqS65UWYTWupKQp/NbWtxDAteY root@ubuntu-xenial
[   18.919960] cloud-init[949]: The key's randomart image is:
[   18.920236] cloud-init[949]: +---[DSA 1024]----+
[   18.920359] cloud-init[949]: |             . ..|
[   18.920486] cloud-init[949]: |     .    . . o..|
[   18.920614] cloud-init[949]: |      o .  + +o. |
[[0;32m  OK  [0m] Reached target Paths.
[[   18.920762] cloud-init[949]: |   . o.+ .+ *... |
[   19.066971] cloud-init[949]: |  . o =oSo+. E.  |
[   19.067248] cloud-init[949]: |   . o =oo.+. oo |
[   19.067586] cloud-init[949]: |      . ooooo+++ |
[   19.067908] cloud-init[949]: |        . ..o+= o|
[   19.068417] cloud-init[949]: |           .+=.+.|
[   19.068755] cloud-init[949]: +----[SHA256]-----+
[0;32m  OK  [0m] Started Daily apt upgrade and clean activities.
[[   19.068890] cloud-init[949]: Generating public/private ecdsa key pair.
[0;32m  OK  [0m] Listening on D-Bus System Message Bus Socket.
         Starting Socket activation for snappy daemon.
[   19.172670] cloud-init[949]: Your identification has been saved in /etc/ssh/ssh_host_ecdsa_key.
[   19.264357] cloud-init[949]: Your public key has been saved in /etc/ssh/ssh_host_ecdsa_key.pub.
[   19.264665] cloud-init[949]: The key fingerprint is:
[[0;32m  OK  [0m] Started Timer to automatically refresh installed snaps.
[   19.264777] cloud-init[949]: SHA256:5DkePDOrUpv1cJc4zd+vQEyAZ3AXIYY/v4+sk25J2wA root@ubuntu-xenial
[   19.376533] cloud-init[949]: The key's randomart image is:
         Starting LXD - unix socket.
[[   19.376952] cloud-init[949]: +---[ECDSA 256]---+
[   19.410542] cloud-init[949]: |        .+= +o   |
[   19.410838] cloud-init[949]: |        ooo+     |
[0;32m  OK  [0m] Started Daily Cleanup of Temporary Directories.
[[   19.411171] cloud-init[949]: |        .+  .    |
[   19.507998] cloud-init[949]: |       +E.oo     |
[   19.508333] cloud-init[949]: |        S. *o.   |
[   19.508587] cloud-init[949]: |      ..oB*.*    |
[   19.508847] cloud-init[949]: |     . +o= O.o . |
[   19.509109] cloud-init[949]: |    . o.  B.oo. .|
[   19.509396] cloud-init[949]: |     ..  oooo.o.o|
[0;32m  OK  [0m] Reached target Timers.
[[   19.509512] cloud-init[949]: +----[SHA256]-----+
[   19.538408] cloud-init[949]: Generating public/private ed25519 key pair.
[   19.538642] cloud-init[949]: Your identification has been saved in /etc/ssh/ssh_host_ed25519_key.
[   19.538929] cloud-init[949]: Your public key has been saved in /etc/ssh/ssh_host_ed25519_key.pub.
[   19.539231] cloud-init[949]: The key fingerprint is:
[   19.539515] cloud-init[949]: SHA256:tLTu9oMG5e8ifsi1p/iRQ0VUxeU++u7OFYc5fd/T/94 root@ubuntu-xenial
[   19.539808] cloud-init[949]: The key's randomart image is:
[   19.540411] cloud-init[949]: +--[ED25519 256]--+
[   19.540696] cloud-init[949]: |         .o..o...|
[   19.540988] cloud-init[949]: |         .    .. |
[   19.541362] cloud-init[949]: |        o .     .|
[0;32m  OK  [0m] Listening on UUID daemon activation socket.
[   19.541644] cloud-init[949]: |       o.+     = |
[   19.558311] cloud-init[949]: |       oS     +o=|
[[0;32m  OK  [0m] Reached target Network is Online.
[   19.558404] cloud-init[949]: |      .oo.    ..O|
[   19.640448] cloud-init[949]: |     . +=+   . .=|
[   19.652397] cloud-init[949]: |      +oBo+   o =|
[   19.664463] cloud-init[949]: |     .o*+*o.  +BE|
         Starting iSCSI initiator daemon (iscsid)...
[[   19.664814] cloud-init[949]: +----[SHA256]-----+
[0;32m  OK  [0m] Reached target Cloud-config availability.
[[0;32m  OK  [0m] Listening on Socket activation for snappy daemon.
[[0;32m  OK  [0m] Listening on LXD - unix socket.
[[0;32m  OK  [0m] Reached target Sockets.
[[0;32m  OK  [0m] Reached target Basic System.
[[0;32m  OK  [0m] Started Unattended Upgrades Shutdown.
         Starting Apply the settings specified in cloud-config...
[[0;32m  OK  [0m] Started Regular background program processing daemon.
         Starting LSB: Record successful boot for GRUB...
         Starting LXD - container startup/shutdown...
         Starting Login Service...
         Starting LSB: MD monitoring daemon...
[[0;32m  OK  [0m] Started D-Bus System Message Bus.
         Starting System Logging Service...
         Starting /etc/rc.local Compatibility...
[[0;32m  OK  [0m] Started FUSE filesystem for LXC.
         Starting Accounts Service...
[[0;32m  OK  [0m] Started ACPI event daemon.
         Starting Pollinate to seed the pseudo random number generator...
[[0;32m  OK  [0m] Started Deferred execution scheduler.
         Starting Snappy daemon...
[[0;32m  OK  [0m] Started iSCSI initiator daemon (iscsid).
[[0;32m  OK  [0m] Started /etc/rc.local Compatibility.
[[0;32m  OK  [0m] Started System Logging Service.
[   20.479072] cloud-init[1048]: Generating locales (this might take a while)...
[[0;32m  OK  [0m] Started Login Service.
         Starting Login to default iSCSI targets...
[[0;32m  OK  [0m] Started LSB: MD monitoring daemon.
[[0;32m  OK  [0m] Started LSB: Record successful boot for GRUB.
[[0;32m  OK  [0m] Started Login to default iSCSI targets.
[[0;32m  OK  [0m] Reached target Remote File Systems (Pre).
[[0;32m  OK  [0m] Reached target Remote File Systems.
         Starting LSB: daemon to balance interrupts for SMP systems...
         Starting Permit User Sessions...
         Starting LSB: VirtualBox Linux Additions...
         Starting LSB: automatic crash report generation...
         Starting LSB: Set the CPU Frequency Scaling governor to "ondemand"...
         Starting Authenticate and Authorize Users to Run Privileged Tasks...
[[0;32m  OK  [0m] Started LSB: Set the CPU Frequency Scaling governor to "ondemand".
[[0;32m  OK  [0m] Started LXD - container startup/shutdown.
[[0;32m  OK  [0m] Started LSB: automatic crash report generation.
[[0;32m  OK  [0m] Started Permit User Sessions.
         Starting Hold until boot process finishes up...
         Starting Terminate Plymouth Boot Screen...
[[0;32m  OK  [0m] Started LSB: daemon to balance interrupts for SMP systems.
[[0;32m  OK  [0m] Started Hold until boot process finishes up.
[[0;32m  OK  [0m] Started Terminate Plymouth Boot Screen.
[[0;32m  OK  [0m] Started Getty on tty1.
         Starting Set console scheme...
[[0;32m  OK  [0m] Started Serial Getty on ttyS0.
[[0;32m  OK  [0m] Reached target Login Prompts.
[[0;32m  OK  [0m] Started Set console scheme.
[[0;32m  OK  [0m] Started LSB: VirtualBox Linux Additions.
[[0;32m  OK  [0m] Started Authenticate and Authorize Users to Run Privileged Tasks.
[[0;32m  OK  [0m] Started Accounts Service.
[[0;32m  OK  [0m] Started Snappy daemon.
[   22.415246] cloud-init[1048]:   en_US.UTF-8... done
[   22.419942] cloud-init[1048]: Generation complete.
[[0;32m  OK  [0m] Started Pollinate to seed the pseudo random number generator.
         Starting OpenBSD Secure Shell server...
[[0;32m  OK  [0m] Started OpenBSD Secure Shell server.
[[0;32m  OK  [0m] Reached target Multi-User System.
[[0;32m  OK  [0m] Reached target Graphical Interface.
         Starting Update UTMP about System Runlevel Changes...
[[0;32m  OK  [0m] Started Update UTMP about System Runlevel Changes.
[[0;32m  OK  [0m] Created slice User Slice of vagrant.
         Starting User Manager for UID 1000...
[[0;32m  OK  [0m] Started Session 1 of user vagrant.
[[0;32m  OK  [0m] Started User Manager for UID 1000.
[   23.308666] cloud-init[1048]: Cloud-init v. 17.2 running 'modules:config' at Wed, 07 Mar 2018 10:38:47 +0000. Up 20.14 seconds.
[[0;32m  OK  [0m] Started Apply the settings specified in cloud-config.
         Starting Execute cloud user/final scripts...
ci-info: no authorized ssh keys fingerprints found for user ubuntu.
<14>Mar  7 10:38:51 ec2: 
<14>Mar  7 10:38:51 ec2: #############################################################
<14>Mar  7 10:38:51 ec2: -----BEGIN SSH HOST KEY FINGERPRINTS-----
<14>Mar  7 10:38:51 ec2: 1024 SHA256:5BKs0v1g3n3gwf9vsHqS65UWYTWupKQp/NbWtxDAteY root@ubuntu-xenial (DSA)
<14>Mar  7 10:38:51 ec2: 256 SHA256:5DkePDOrUpv1cJc4zd+vQEyAZ3AXIYY/v4+sk25J2wA root@ubuntu-xenial (ECDSA)
<14>Mar  7 10:38:51 ec2: 256 SHA256:tLTu9oMG5e8ifsi1p/iRQ0VUxeU++u7OFYc5fd/T/94 root@ubuntu-xenial (ED25519)
<14>Mar  7 10:38:51 ec2: 2048 SHA256:8M7GR/ibLs7rjU9CLvnoq71jqEGGnpDYNbqsJsd4JII root@ubuntu-xenial (RSA)
<14>Mar  7 10:38:51 ec2: -----END SSH HOST KEY FINGERPRINTS-----
<14>Mar  7 10:38:51 ec2: #############################################################
-----BEGIN SSH HOST KEY KEYS-----
ecdsa-sha2-nistp256 AAAAE2VjZHNhLXNoYTItbmlzdHAyNTYAAAAIbmlzdHAyNTYAAABBBPWCyaLZpTKV/ftreZ5a+0wUYrBMyRt0uP6DwDNRKjOWJ3c0blrZSr2xhvKy2+lbfo62VRCCYgs/HcNOrYWH5/g= root@ubuntu-xenial
ssh-ed25519 AAAAC3NzaC1lZDI1NTE5AAAAIDOaDS+ZRplBnTGkhNTlmN4OtVNThR6RpSB/3gXHw3Aa root@ubuntu-xenial
ssh-rsa AAAAB3NzaC1yc2EAAAADAQABAAABAQDH3Y+3FPRCL4FuzOK0b05HKGW2x4pl3sAhTC77PL7g/XMMJtlx+qZJ+I0l/JXn/EYf5EoM8bMOwLdCw6gfWKurGljNFSv+oSzFJQWknmn22lLh6gm5QSejfQPC0hIZ+U/WUB4mvagD1aVbbIz2RXB2sDiOoxnEa9mVYfOl40LbOxsf83bDtMcOnisswwRtkb+ypTGwKitxS+nY/YTzwnrbMn0dmZvLOdfxzwrEa6Bnr2nRXNhWBCk0+iUVoJov3eMzjoxsI7JlvhfhDL3COddjsCOav5AzDv4gCAK1aWO9STD+birTJRGUYmOVcNgw0EDsknCbxOcp2wr/uZlWefRf root@ubuntu-xenial
-----END SSH HOST KEY KEYS-----
[   24.053459] cloud-init[1329]: Cloud-init v. 17.2 running 'modules:final' at Wed, 07 Mar 2018 10:38:51 +0000. Up 23.70 seconds.
[   24.090968] cloud-init[1329]: ci-info: no authorized ssh keys fingerprints found for user ubuntu.
[   24.097313] cloud-init[1329]: Cloud-init v. 17.2 finished at Wed, 07 Mar 2018 10:38:51 +0000. Datasource DataSourceNoCloud [seed=/dev/sdb][dsmode=net].  Up 24.04 seconds
[[0;32m  OK  [0m] Started Execute cloud user/final scripts.
[[0;32m  OK  [0m] Reached target Cloud-init target.

Ubuntu 16.04.4 LTS ubuntu-xenial ttyS0

ubuntu-xenial login: 